Exp 3-4
Akarshhk@AKARSH MINGW64 ~
$ cd git1

Akarshhk@AKARSH MINGW64 ~/git1 (master)
$ git pull origin master
From https://github.com/Akarshhk/git1
 * branch            master     -> FETCH_HEAD
Already up to date.

Akarshhk@AKARSH MINGW64 ~/git1 (master)
$ git status
On branch master
Your branch is up to date with 'origin/master'.

nothing to commit, working tree clean

Akarshhk@AKARSH MINGW64 ~/git1 (master)
$ git log --oneline
25df282 (HEAD -> master, origin/master) initial commit
8f791c2 committed

Akarshhk@AKARSH MINGW64 ~/git1 (master)
$ git history
git: 'history' is not a git command. See 'git --help'.


Akarshhk@AKARSH MINGW64 ~/git1 (master)
$ git branch git2

Akarshhk@AKARSH MINGW64 ~/git1 (master)
$ git checkout git2
Switched to branch 'git2'

Akarshhk@AKARSH MINGW64 ~/git1 (git2)
$ git switch git2
Already on 'git2'

Akarshhk@AKARSH MINGW64 ~/git1 (git2)
$ git branch -d git2
error: cannot delete branch 'git2' used by worktree at 'C:/Users/akars/git1'

Akarshhk@AKARSH MINGW64 ~/git1 (git2)
$ git origin master
git: 'origin' is not a git command. See 'git --help'.

Akarshhk@AKARSH MINGW64 ~/git1 (git2)
$ git switch master
Switched to branch 'master'
Your branch is up to date with 'origin/master'.

Akarshhk@AKARSH MINGW64 ~/git1 (master)
$ git merge git2
Already up to date.

Akarshhk@AKARSH MINGW64 ~/git1 (master)
$ git push -u origin git2
Total 0 (delta 0), reused 0 (delta 0), pack-reused 0 (from 0)
remote:
remote: Create a pull request for 'git2' on GitHub by visiting:
remote:      https://github.com/Akarshhk/git1/pull/new/git2
remote:
To https://github.com/Akarshhk/git1.git
 * [new branch]      git2 -> git2
branch 'git2' set up to track 'origin/git2'.


Akarshhk@AKARSH MINGW64 ~
$ git switch feature-branch
fatal: not a git repository (or any of the parent directories): .git

Akarshhk@AKARSH MINGW64 ~
$ git switch git2
fatal: not a git repository (or any of the parent directories): .git

Akarshhk@AKARSH MINGW64 ~
$ cd git1

Akarshhk@AKARSH MINGW64 ~/git1 (master)
$ git switch git2
Switched to branch 'git2'
Your branch is up to date with 'origin/git2'.

Akarshhk@AKARSH MINGW64 ~/git1 (git2)
$ git rebase main
fatal: invalid upstream 'main'

Akarshhk@AKARSH MINGW64 ~/git1 (git2)
$ git rebase master
Current branch git2 is up to date.

Akarshhk@AKARSH MINGW64 ~/git1 (git2)
$ git status
On branch git2
Your branch is up to date with 'origin/git2'.

Untracked files:
  (use "git add <file>..." to include in what will be committed)
        FETCH_HEAD

nothing added to commit but untracked files present (use "git add" to track)

Akarshhk@AKARSH MINGW64 ~/git1 (git2)
$ git add .2
fatal: pathspec '.2' did not match any files

Akarshhk@AKARSH MINGW64 ~/git1 (git2)
$ git add .

Akarshhk@AKARSH MINGW64 ~/git1 (git2)
$ git rebase --continue
fatal: no rebase in progress

Akarshhk@AKARSH MINGW64 ~/git1 (git2)
$ git rebase --abort
fatal: no rebase in progress


