Akarshhk@AKARSH MINGW64 ~/git1 (master|REBASE)
$ git log --oneline
25df282 (HEAD -> master, origin/master, origin/git2, git2) initial commit
8f791c2 committed


git rebase -i HEAD~2
pick 25df282 initial commit
# Rebase 8f791c2..25df282 onto 8f791c2 (1 command)

oop

# Rebase 25df282..25df282 onto 25df282 (1 command)
#
# Commands:
# p, pick <commit> = use commit
# r, reword <commit> = use commit, but edit the commit message
# e, edit <commit> = use commit, but stop for amending
# s, squash <commit> = use commit, but meld into previous commit
# f, fixup [-C | -c] <commit> = like "squash" but keep only the previous
#                    commit's log message, unless -C is used, in which case
#                    keep only this commit's message; -c is same as -C but
#                    opens the editor
# x, exec <command> = run command (the rest of the line) using shell
# b, break = stop here (continue rebase later with 'git rebase --continue')
# d, drop <commit> = remove commit
# l, label <label> = label current HEAD with a name
# t, reset <label> = reset HEAD to a label
# m, merge [-C <commit> | -c <commit>] <label> [# <oneline>]
#         create a merge commit using the original merge commit's

^G Help      ^O Write Out ^F Where Is  ^K Cut       ^T Execute   ^C Location
^X Exit      ^R Read File ^\ Replace   ^U Paste     ^J Justify   ^/ Go To Line

Akarshhk@AKARSH MINGW64 ~/git1 (master|REBASE)
$ git push origin v1.0.0~
fatal: invalid refspec 'v1.0.0~'

Akarshhk@AKARSH MINGW64 ~/git1 (master|REBASE)
$ git push origin v1.0.0
error: src refspec v1.0.0 does not match any
error: failed to push some refs to 'https://github.com/Akarshhk/git1.git'

Akarshhk@AKARSH MINGW64 ~/git1 (master|REBASE)
$ GIT REBASE --ABORT
git: 'REBASE' is not a git command. See 'git --help'.

Akarshhk@AKARSH MINGW64 ~/git1 (master|REBASE)
$ git rebase --abort

Akarshhk@AKARSH MINGW64 ~/git1 (master)
$ git tag v1.0.0

Akarshhk@AKARSH MINGW64 ~/git1 (master)
$ git tag -a v1.0.0 -m "First stable release"
fatal: tag 'v1.0.0' already exists

Akarshhk@AKARSH MINGW64 ~/git1 (master)
$ git tag
v1.0.0

Akarshhk@AKARSH MINGW64 ~/git1 (master)
$ git  tag -d v1.0.0
Deleted tag 'v1.0.0' (was 25df282)














Akarshhk@AKARSH MINGW64 ~/git1 (master)
$ git log --oneline -n 5
25df282 (HEAD -> master, origin/master, origin/git2, git2) initial commit
8f791c2 committed

Akarshhk@AKARSH MINGW64 ~/git1 (master)
$ git log -n 5 --pretty=format:"%h - %an, %ar : %s"
25df282 - akarsh, 3 hours ago : initial commit
8f791c2 - akarsh, 4 hours ago : committed


